{"ID":0,"TrackingNumber":"RS0814398526Y","ApiName":"cainiao","FirstFetchedAt":"0001-01-01T00:00:00Z","LastFetchedAt":"0001-01-01T00:00:00Z","ResponseBody":"eyJtb2R1bGUiOlt7Im1haWxObyI6IlJTMDgxNDM5ODUyNlkiLCJvcmlnaW5Db3VudHJ5IjoiTWFpbmxhbmQgQ2hpbmEiLCJkZXN0Q291bnRyeSI6IklzcmFlbCIsImRlc3RDcEluZm8iOnsiY3BOYW1lIjoiSXNyYWVscG9zdCIsInBob25lIjoiMTcxIiwidXJsIjoiaHR0cHM6Ly9pc3JhZWxwb3N0LmNvLmlsL2VuL2l0ZW10cmFjZSJ9LCJzdGF0dXMiOiJDTEVBUl9DVVNUT01TIiwic3RhdHVzRGVzYyI6IkluIGN1c3RvbXMgIiwibWFpbE5vU291cmNlIjoiQUUiLCJwcm9jZXNzSW5mbyI6eyJwcm9ncmVzc1N0YXR1cyI6Ik5PUk1BTCIsInByb2dyZXNzUmF0ZSI6MC40MTY2NjY2NjY2NjY2NjY2MywidHlwZSI6IkNST1NTIiwicHJvZ3Jlc3NQb2ludExpc3QiOlt7InBvaW50TmFtZSI6Ik1haW5sYW5kIENoaW5hIiwibGlnaHQiOnRydWV9LHsicG9pbnROYW1lIjoiSXNyYWVsIiwibGlnaHQiOnRydWV9LHsicG9pbnROYW1lIjoiRGVzdGluYXRpb24gY2l0eSIsInJlbG9hZCI6dHJ1ZX0seyJwb2ludE5hbWUiOiJEZWxpdmVyZWQifV19LCJnbG9iYWxFdGFJbmZvIjp7ImV0YURlc2MiOiJFc3RpbWF0ZWQgZGVsaXZlcnkgYnkiLCJkZWxpdmVyeU1pblRpbWUiOjE2OTcxNTUxOTYwMDAsImRlbGl2ZXJ5TWF4VGltZSI6MTY5NzUwMDc5NjAwMH0sImxhdGVzdFRyYWNlIjp7InRpbWUiOjE2OTU4NjU2MTMwMDAsInRpbWVTdHIiOiIyMDIzLTA5LTI4IDA5OjQ2OjUzIiwiZGVzYyI6IkltcG9ydCBjdXN0b21zIGNsZWFyYW5jZSBjb21wbGV0ZSIsInN0YW5kZXJkRGVzYyI6IkltcG9ydCBjdXN0b21zIGNsZWFyYW5jZSBjb21wbGV0ZSIsImRlc2NUaXRsZSI6IkNhcnJpZXIgbm90ZToiLCJ0aW1lWm9uZSI6IkdNVCswIiwiYWN0aW9uQ29kZSI6IkNDX0lNX1NVQ0NFU1MiLCJncm91cCI6eyJub2RlQ29kZSI6IkFFX0dST1VQX0lNX0NMRUFSSU5HX0NVU1RPTVMiLCJub2RlRGVzYyI6IkF0IGN1c3RvbXMiLCJjdXJyZW50SWNvblVybCI6Imh0dHBzOi8vaW1nLmFsaWNkbi5jb20vaW1nZXh0cmEvaTMvTzFDTjAxSjdrdFVPMVAzWmttNVdVeDJfISE2MDAwMDAwMDAxNzg1LTItdHBzLTQ4LTQ4LnBuZyIsImhpc3RvcnlJY29uVXJsIjoiaHR0cHM6Ly9pbWcuYWxpY2RuLmNvbS9pbWdleHRyYS9pMi9PMUNOMDEwOVFQdnMxYkI5aEVTUHJlMF8hITYwMDAwMDAwMDM0MjYtMi10cHMtNDgtNTAucG5nIn19LCJkZXRhaWxMaXN0IjpbeyJ0aW1lIjoxNjk1ODY1NjEzMDAwLCJ0aW1lU3RyIjoiMjAyMy0wOS0yOCAwOTo0Njo1MyIsImRlc2MiOiJJbXBvcnQgY3VzdG9tcyBjbGVhcmFuY2UgY29tcGxldGUiLCJzdGFuZGVyZERlc2MiOiJJbXBvcnQgY3VzdG9tcyBjbGVhcmFuY2UgY29tcGxldGUiLCJkZXNjVGl0bGUiOiJDYXJyaWVyIG5vdGU6IiwidGltZVpvbmUiOiJHTVQrMCIsImFjdGlvbkNvZGUiOiJDQ19JTV9TVUNDRVNTIiwiZ3JvdXAiOnsibm9kZUNvZGUiOiJBRV9HUk9VUF9JTV9DTEVBUklOR19DVVNUT01TIiwibm9kZURlc2MiOiJBdCBjdXN0b21zIiwiY3VycmVudEljb25VcmwiOiJodHRwczovL2ltZy5hbGljZG4uY29tL2ltZ2V4dHJhL2kzL08xQ04wMUo3a3RVTzFQM1prbTVXVXgyXyEhNjAwMDAwMDAwMTc4NS0yLXRwcy00OC00OC5wbmciLCJoaXN0b3J5SWNvblVybCI6Imh0dHBzOi8vaW1nLmFsaWNkbi5jb20vaW1nZXh0cmEvaTIvTzFDTjAxMDlRUHZzMWJCOWhFU1ByZTBfISE2MDAwMDAwMDAzNDI2LTItdHBzLTQ4LTUwLnBuZyJ9fSx7InRpbWUiOjE2OTU4NjU2MTMwMDAsInRpbWVTdHIiOiIyMDIzLTA5LTI4IDA5OjQ2OjUzIiwiZGVzYyI6IlJlY2VpdmVkIGJ5IGxvY2FsICBkZWxpdmVyeSBjb21wYW55Iiwic3RhbmRlcmREZXNjIjoiUmVjZWl2ZWQgYnkgbG9jYWwgZGVsaXZlcnkgY29tcGFueSIsImRlc2NUaXRsZSI6IkNhcnJpZXIgbm90ZToiLCJ0aW1lWm9uZSI6IkdNVCszIiwiYWN0aW9uQ29kZSI6IkdUTVNfQUNDRVBUIiwiZ3JvdXAiOnsibm9kZUNvZGUiOiJBRV9HUk9VUF9ERVNfUFJPQ0VTU0lORyIsIm5vZGVEZXNjIjoiSW4gdHJhbnNpdCIsImN1cnJlbnRJY29uVXJsIjoiaHR0cHM6Ly9pbWcuYWxpY2RuLmNvbS9pbWdleHRyYS9pNC9PMUNOMDFNWjhKQmQxeVZXVExiZnVIUV8hITYwMDAwMDAwMDY1ODQtMi10cHMtNDgtNDgucG5nIiwiaGlzdG9yeUljb25VcmwiOiJodHRwczovL2ltZy5hbGljZG4uY29tL2ltZ2V4dHJhL2kxL08xQ04wMWZQQUllZTFhNXBUSWdLbnVCXyEhNjAwMDAwMDAwMzI3OS0yLXRwcy00OC00OC5wbmcifX0seyJ0aW1lIjoxNjk1ODY1NjEzMDAwLCJ0aW1lU3RyIjoiMjAyMy0wOS0yOCAwOTo0Njo1MyIsImRlc2MiOiJMZWF2aW5nIGN1c3RvbXMiLCJzdGFuZGVyZERlc2MiOiJEZXBhcnRlZCBmcm9tIGN1c3RvbXMiLCJkZXNjVGl0bGUiOiJDYXJyaWVyIG5vdGU6IiwidGltZVpvbmUiOiJHTVQrMCIsImFjdGlvbkNvZGUiOiJDQ19IT19PVVRfU1VDQ0VTUyIsImdyb3VwIjp7Im5vZGVDb2RlIjoiQUVfR1JPVVBfRVhfQ0xFQVJJTkdfQ1VTVE9NUyIsIm5vZGVEZXNjIjoiQXQgY3VzdG9tcyIsImN1cnJlbnRJY29uVXJsIjoiaHR0cHM6Ly9pbWcuYWxpY2RuLmNvbS9pbWdleHRyYS9pMy9PMUNOMDFKN2t0VU8xUDNaa201V1V4Ml8hITYwMDAwMDAwMDE3ODUtMi10cHMtNDgtNDgucG5nIiwiaGlzdG9yeUljb25VcmwiOiJodHRwczovL2ltZy5hbGljZG4uY29tL2ltZ2V4dHJhL2kyL08xQ04wMTA5UVB2czFiQjloRVNQcmUwXyEhNjAwMDAwMDAwMzQyNi0yLXRwcy00OC01MC5wbmcifX0seyJ0aW1lIjoxNjk1ODA0MDAxMDAwLCJ0aW1lU3RyIjoiMjAyMy0wOS0yNyAxNjo0MDowMSIsImRlc2MiOiJBcnJpdmVkIGF0IGN1c3RvbXMiLCJzdGFuZGVyZERlc2MiOiJBcnJpdmVkIGF0IGN1c3RvbXMiLCJkZXNjVGl0bGUiOiJDYXJyaWVyIG5vdGU6IiwidGltZVpvbmUiOiJHTVQrMCIsImFjdGlvbkNvZGUiOiJDQ19IT19JTl9TVUNDRVNTIn0seyJ0aW1lIjoxNjk1Njk0MzgwMDAwLCJ0aW1lU3RyIjoiMjAyMy0wOS0yNiAxMDoxMzowMCIsImRlc2MiOiJBcnJpdmVkIGF0IGxpbmVodWFsIG9mZmljZSIsInN0YW5kZXJkRGVzYyI6IkFycml2ZWQgYXQgbGluZWhhdWwgb2ZmaWNlIiwiZGVzY1RpdGxlIjoiQ2FycmllciBub3RlOiIsInRpbWVab25lIjoiR01UKzIiLCJhY3Rpb25Db2RlIjoiTEhfQVJSSVZFIiwiZ3JvdXAiOnsibm9kZUNvZGUiOiJBRV9HUk9VUF9MSF9BUlJJVkUiLCJub2RlRGVzYyI6IkluIHRyYW5zaXQiLCJjdXJyZW50SWNvblVybCI6Imh0dHBzOi8vaW1nLmFsaWNkbi5jb20vaW1nZXh0cmEvaTIvTzFDTjAxbDhCSU1xMUVPRHBoNEtSUkFfISE2MDAwMDAwMDAwMzQxLTItdHBzLTQ4LTQ4LnBuZyIsImhpc3RvcnlJY29uVXJsIjoiaHR0cHM6Ly9pbWcuYWxpY2RuLmNvbS9pbWdleHRyYS9pMi9PMUNOMDEwNXdKcDAyM0wzVXZhczl2Wl8hITYwMDAwMDAwMDcyMzgtMi10cHMtNDgtNDgucG5nIn19LHsidGltZSI6MTY5NTY2MjY0MDAwMCwidGltZVN0ciI6IjIwMjMtMDktMjYgMDE6MjQ6MDAiLCJkZXNjIjoiTGVmdCBmcm9tIGRlcGFydHVyZSBjb3VudHJ5L3JlZ2lvbiIsInN0YW5kZXJkRGVzYyI6IkRlcGFydGVkIGZyb20gZGVwYXJ0dXJlIGNvdW50cnkvcmVnaW9uIiwiZGVzY1RpdGxlIjoiQ2FycmllciBub3RlOiIsInRpbWVab25lIjoiR01UKzgiLCJhY3Rpb25Db2RlIjoiTEhfREVQQVJUIiwiZ3JvdXAiOnsibm9kZUNvZGUiOiJBRV9HUk9VUF9MSF9QUk9DRVNTSU5HIiwibm9kZURlc2MiOiJJbiB0cmFuc2l0IiwiY3VycmVudEljb25VcmwiOiJodHRwczovL2ltZy5hbGljZG4uY29tL2ltZ2V4dHJhL2kyL08xQ04wMWw4QklNcTFFT0RwaDRLUlJBXyEhNjAwMDAwMDAwMDM0MS0yLXRwcy00OC00OC5wbmciLCJoaXN0b3J5SWNvblVybCI6Imh0dHBzOi8vaW1nLmFsaWNkbi5jb20vaW1nZXh0cmEvaTIvTzFDTjAxMDV3SnAwMjNMM1V2YXM5dlpfISE2MDAwMDAwMDA3MjM4LTItdHBzLTQ4LTQ4LnBuZyJ9fSx7InRpbWUiOjE2OTU2MTEyODAwMDAsInRpbWVTdHIiOiIyMDIzLTA5LTI1IDExOjA4OjAwIiwiZGVzYyI6IkV4cG9ydCBjbGVhcmFuY2Ugc3VjY2VzcyIsInN0YW5kZXJkRGVzYyI6IkV4cG9ydCBjdXN0b21zIGNsZWFyYW5jZSBjb21wbGV0ZSIsImRlc2NUaXRsZSI6IkNhcnJpZXIgbm90ZToiLCJ0aW1lWm9uZSI6IkdNVCs4IiwiYWN0aW9uQ29kZSI6IkNDX0VYX1NVQ0NFU1MifSx7InRpbWUiOjE2OTU2MDI0NjAwMDAsInRpbWVTdHIiOiIyMDIzLTA5LTI1IDA4OjQxOjAwIiwiZGVzYyI6IkV4cG9ydCBjdXN0b21zIGNsZWFyYW5jZSBzdGFydGVkIiwic3RhbmRlcmREZXNjIjoiRXhwb3J0IGN1c3RvbXMgY2xlYXJhbmNlIHN0YXJ0ZWQiLCJkZXNjVGl0bGUiOiJDYXJyaWVyIG5vdGU6IiwidGltZVpvbmUiOiJHTVQrOCIsImFjdGlvbkNvZGUiOiJDQ19FWF9TVEFSVCJ9LHsidGltZSI6MTY5NTYwMDAwMDAwMCwidGltZVN0ciI6IjIwMjMtMDktMjUgMDg6MDA6MDAiLCJkZXNjIjoiTGVhdmluZyBmcm9tIGRlcGFydHVyZSBjb3VudHJ5L3JlZ2lvbiIsInN0YW5kZXJkRGVzYyI6IkxlYXZpbmcgZnJvbSBkZXBhcnR1cmUgY291bnRyeS9yZWdpb24iLCJkZXNjVGl0bGUiOiJDYXJyaWVyIG5vdGU6IiwidGltZVpvbmUiOiJHTVQrOCIsImFjdGlvbkNvZGUiOiJMSF9IT19BSVJMSU5FIn0seyJ0aW1lIjoxNjk1NDQ2OTc4MDAwLCJ0aW1lU3RyIjoiMjAyMy0wOS0yMyAxMzoyOTozOCIsImRlc2MiOiJBcnJpdmVkIGF0IGRlcGFydHVyZSB0cmFuc3BvcnQgaHViIiwic3RhbmRlcmREZXNjIjoiQXJyaXZlZCBhdCBkZXBhcnR1cmUgdHJhbnNwb3J0IGh1YiIsImRlc2NUaXRsZSI6IkNhcnJpZXIgbm90ZToiLCJ0aW1lWm9uZSI6IkdNVCs4IiwiYWN0aW9uQ29kZSI6IkxIX0hPX0lOX1NVQ0NFU1MifSx7InRpbWUiOjE2OTUzOTQyNDkwMDAsInRpbWVTdHIiOiIyMDIzLTA5LTIyIDIyOjUwOjQ5IiwiZGVzYyI6Ik91dGJvdW5kIGluIHNvcnRpbmcgY2VudGVyIiwic3RhbmRlcmREZXNjIjoiW0ZlbmdnYW5nIFRvd25dIERlcGFydGVkIGZyb20gc29ydGluZyBjZW50ZXIiLCJkZXNjVGl0bGUiOiJDYXJyaWVyIG5vdGU6IiwidGltZVpvbmUiOiJHTVQrOCIsImFjdGlvbkNvZGUiOiJTQ19PVVRCT1VORF9TVUNDRVNTIiwiZ3JvdXAiOnsibm9kZUNvZGUiOiJBRV9HUk9VUF9TQ19QUk9DRVNTSU5HIiwibm9kZURlc2MiOiJJbiB0cmFuc2l0IiwiY3VycmVudEljb25VcmwiOiJodHRwczovL2ltZy5hbGljZG4uY29tL2ltZ2V4dHJhL2k0L08xQ04wMU1aOEpCZDF5VldUTGJmdUhRXyEhNjAwMDAwMDAwNjU4NC0yLXRwcy00OC00OC5wbmciLCJoaXN0b3J5SWNvblVybCI6Imh0dHBzOi8vaW1nLmFsaWNkbi5jb20vaW1nZXh0cmEvaTEvTzFDTjAxZlBBSWVlMWE1cFRJZ0tudUJfISE2MDAwMDAwMDAzMjc5LTItdHBzLTQ4LTQ4LnBuZyJ9fSx7InRpbWUiOjE2OTUzODYwOTYwMDAsInRpbWVTdHIiOiIyMDIzLTA5LTIyIDIwOjM0OjU2IiwiZGVzYyI6IkluYm91bmQgaW4gc29ydGluZyBjZW50ZXIiLCJzdGFuZGVyZERlc2MiOiJbRmVuZ2dhbmcgVG93bl0gUHJvY2Vzc2luZyBhdCBzb3J0aW5nIGNlbnRlciIsImRlc2NUaXRsZSI6IkNhcnJpZXIgbm90ZToiLCJ0aW1lWm9uZSI6IkdNVCs4IiwiYWN0aW9uQ29kZSI6IlNDX0lOQk9VTkRfU1VDQ0VTUyJ9LHsidGltZSI6MTY5NTM3NjI3NjAwMCwidGltZVN0ciI6IjIwMjMtMDktMjIgMTc6NTE6MTYiLCJkZXNjIjoiSW1wb3J0IGNsZWFyYW5jZSBzdGFydCIsInN0YW5kZXJkRGVzYyI6IkltcG9ydCBjdXN0b21zIGNsZWFyYW5jZSBzdGFydGVkIiwiZGVzY1RpdGxlIjoiQ2FycmllciBub3RlOiIsInRpbWVab25lIjoiR01UKzAiLCJhY3Rpb25Db2RlIjoiQ0NfSU1fU1RBUlQifSx7InRpbWUiOjE2OTUzNjkzMDIwMDAsInRpbWVTdHIiOiIyMDIzLTA5LTIyIDE1OjU1OjAyIiwiZGVzYyI6IkFjY2VwdGVkIGJ5IGNhcnJpZXIiLCJzdGFuZGVyZERlc2MiOiJSZWNlaXZlZCBieSBsb2dpc3RpY3MgY29tcGFueSIsImRlc2NUaXRsZSI6IkNhcnJpZXIgbm90ZToiLCJ0aW1lWm9uZSI6IkdNVCs4IiwiYWN0aW9uQ29kZSI6IlBVX1BJQ0tVUF9TVUNDRVNTIiwiZ3JvdXAiOnsibm9kZUNvZGUiOiJBRV9HUk9VUF9QVV9QUk9DRVNTSU5HIiwibm9kZURlc2MiOiJJbiB0cmFuc2l0IiwiY3VycmVudEljb25VcmwiOiJodHRwczovL2ltZy5hbGljZG4uY29tL2ltZ2V4dHJhL2k0L08xQ04wMU1aOEpCZDF5VldUTGJmdUhRXyEhNjAwMDAwMDAwNjU4NC0yLXRwcy00OC00OC5wbmciLCJoaXN0b3J5SWNvblVybCI6Imh0dHBzOi8vaW1nLmFsaWNkbi5jb20vaW1nZXh0cmEvaTEvTzFDTjAxZlBBSWVlMWE1cFRJZ0tudUJfISE2MDAwMDAwMDAzMjc5LTItdHBzLTQ4LTQ4LnBuZyJ9fV0sImRheXNOdW1iZXIiOiI4XHRkYXkocykifV0sInN1Y2Nlc3MiOnRydWV9","Status":"success"}