{"ID":0,"TrackingNumber":"UZ0556033196Y","ApiName":"cainiao","FirstFetchedAt":"0001-01-01T00:00:00Z","LastFetchedAt":"0001-01-01T00:00:00Z","ResponseBody":"eyJtb2R1bGUiOlt7Im1haWxObyI6IlVaMDU1NjAzMzE5NlkiLCJvcmlnaW5Db3VudHJ5IjoiTWFpbmxhbmQgQ2hpbmEiLCJkZXN0Q291bnRyeSI6IklzcmFlbCIsIm1haWxUeXBlIjoiRWNvbm9teSIsIm1haWxUeXBlRGVzYyI6IkVjb25vbXkgc2hpcHBpbmcgZG9lc24ndCBpbmNsdWRlIHRyYWNraW5nIGFmdGVyIGEgcGFja2FnZSBoYXMgYmVlbiBoYW5kZWQgdG8gYSBkZXN0aW5hdGlvbiBjb3VudHJ5L3JlZ2lvbidzIGNhcnJpZXIuICIsInN0YXR1cyI6IlNFTExFUl9QUkVQQVJJTkciLCJzdGF0dXNEZXNjIjoiQXdhaXRpbmcgc2VsbGVyIGRpc3BhdGNoIiwibWFpbE5vU291cmNlIjoiQUUiLCJub1RyYWNraW5nRGF0YURlc2MiOiJObyB0cmFja2luZyB1cGRhdGVzIHlldCIsInByb2Nlc3NJbmZvIjp7InByb2dyZXNzU3RhdHVzIjoiTk9STUFMIiwicHJvZ3Jlc3NSYXRlIjowLjAsInR5cGUiOiJDUk9TUyIsInByb2dyZXNzUG9pbnRMaXN0IjpbeyJwb2ludE5hbWUiOiJNYWlubGFuZCBDaGluYSJ9LHsicG9pbnROYW1lIjoiSXNyYWVsIn0seyJwb2ludE5hbWUiOiJEZXN0aW5hdGlvbiBjaXR5IiwicmVsb2FkIjp0cnVlfSx7InBvaW50TmFtZSI6IkRlbGl2ZXJlZCJ9XX0sImdsb2JhbEV0YUluZm8iOnsiZXRhRGVzYyI6IkVzdGltYXRlZCBkZWxpdmVyeSBieSIsImRlbGl2ZXJ5TWluVGltZSI6MTcwMTU2MTU5NzAwMCwiZGVsaXZlcnlNYXhUaW1lIjoxNzAxNTYxNTk3MDAwfSwiZGV0YWlsTGlzdCI6W119XSwic3VjY2VzcyI6dHJ1ZX0=","Status":"not_found"}